// Jest Snapshot v1, https://goo.gl/fbAQLP

exports[`should render ExpenseListItem 1`] = `
<div>
  <Link
    replace={false}
    to="/edit/1"
  >
    <h3>
      Elli
    </h3>
  </Link>
  <p>
    $13.21
    -
    December 31st, 1969
     
  </p>
</div>
`;
